// Jest Snapshot v1, https://goo.gl/fbAQLP

exports[`PhotoTile component properly renders 1`] = `
<SizeMe(PhotoTile)
  id="def"
  originalHeight={1500}
  originalWidth={2000}
  size={
    Object {
      "width": 200,
    }
  }
  thumbnailURL="abc"
>
  <SizeMeRenderer(PhotoTile)
    disablePlaceholder={false}
    explicitRef={[Function]}
    id="def"
    originalHeight={1500}
    originalWidth={2000}
    size={
      Object {
        "width": 200,
      }
    }
    thumbnailURL="abc"
  >
    <SizeMeReferenceWrapper>
      <PhotoTile
        id="def"
        originalHeight={1500}
        originalWidth={2000}
        size={
          Object {
            "width": 200,
          }
        }
        thumbnailURL="abc"
      >
        <div
          style={
            Object {
              "height": 150,
            }
          }
        >
          <img
            height={150}
            src="abc"
            width={200}
          />
        </div>
      </PhotoTile>
    </SizeMeReferenceWrapper>
  </SizeMeRenderer(PhotoTile)>
</SizeMe(PhotoTile)>
`;
